// Vitest Snapshot v1

exports[`time 1`] = `"1 date.unit.second"`;
